// Jest Snapshot v1, https://goo.gl/fbAQLP

exports[`renders post 1`] = `
<div>
  Post 1
</div>
`;
